[keenitsolutions.com/products/html/educavo/index.html]
[backblue.gif]
[fade.gif]
[index.html]
[keenitsolutions.com/products/html/educavo/apple-touch-icon.png]
[keenitsolutions.com/products/html/educavo/assets/images/fav.png]
[keenitsolutions.com/products/html/educavo/assets/images/pre-logo.png]
[keenitsolutions.com/products/html/educavo/login]
[keenitsolutions.com/products/html/educavo/register]
[keenitsolutions.com/products/html/educavo/assets/images/logo-dark.png]
[keenitsolutions.com/products/html/educavo/index2.html]
[keenitsolutions.com/products/html/educavo/index3.html]
[keenitsolutions.com/products/html/educavo/index4.html]
[keenitsolutions.com/products/html/educavo/index5.html]
[keenitsolutions.com/products/html/educavo/about.html]
[keenitsolutions.com/products/html/educavo/about2.html]
[keenitsolutions.com/products/html/educavo/course.html]
[keenitsolutions.com/products/html/educavo/course2.html]
[keenitsolutions.com/products/html/educavo/course-single.html]
[keenitsolutions.com/products/html/educavo/team.html]
[keenitsolutions.com/products/html/educavo/team2.html]
[keenitsolutions.com/products/html/educavo/team-single.html]
[keenitsolutions.com/products/html/educavo/events-style1.html]
[keenitsolutions.com/products/html/educavo/events-style2.html]
[keenitsolutions.com/products/html/educavo/events-style3.html]
[keenitsolutions.com/products/html/educavo/gallery-style1.html]
[keenitsolutions.com/products/html/educavo/gallery-style2.html]
[keenitsolutions.com/products/html/educavo/gallery-style3.html]
[keenitsolutions.com/products/html/educavo/shop.html]
[keenitsolutions.com/products/html/educavo/shop-single.html]
[keenitsolutions.com/products/html/educavo/cart.html]
[keenitsolutions.com/products/html/educavo/checkout.html]
[keenitsolutions.com/products/html/educavo/faq.html]
[keenitsolutions.com/products/html/educavo/error.html]
[keenitsolutions.com/products/html/educavo/login-2.html]
[keenitsolutions.com/products/html/educavo/register-2.html]
[keenitsolutions.com/products/html/educavo/blog.html]
[keenitsolutions.com/products/html/educavo/blog-left.html]
[keenitsolutions.com/products/html/educavo/blog-right.html]
[keenitsolutions.com/products/html/educavo/blog-post-left.html]
[keenitsolutions.com/products/html/educavo/blog-post-right.html]
[keenitsolutions.com/products/html/educavo/blog-single.html]
[keenitsolutions.com/products/html/educavo/contact.html]
[keenitsolutions.com/products/html/educavo/contact2.html]
[keenitsolutions.com/products/html/educavo/assets/images/shop/1.jpg]
[keenitsolutions.com/products/html/educavo/assets/images/shop/2.jpg]
[keenitsolutions.com/products/html/educavo/assets/images/about/ceo.png]
[keenitsolutions.com/products/html/educavo/assets/images/about/sign.png]
[keenitsolutions.com/products/html/educavo/assets/images/categories/icons/1.png]
[keenitsolutions.com/products/html/educavo/assets/images/categories/icons/2.png]
[keenitsolutions.com/products/html/educavo/assets/images/categories/icons/3.png]
[keenitsolutions.com/products/html/educavo/assets/images/categories/icons/4.png]
[keenitsolutions.com/products/html/educavo/assets/images/categories/icons/5.png]
[keenitsolutions.com/products/html/educavo/assets/images/categories/icons/6.png]
[keenitsolutions.com/products/html/educavo/assets/images/categories/icons/7.png]
[keenitsolutions.com/products/html/educavo/assets/images/categories/icons/8.png]
[keenitsolutions.com/products/html/educavo/assets/images/categories/icons/9.png]
[keenitsolutions.com/products/html/educavo/assets/images/courses/1.jpg]
[keenitsolutions.com/products/html/educavo/assets/images/courses/2.jpg]
[keenitsolutions.com/products/html/educavo/assets/images/courses/3.jpg]
[keenitsolutions.com/products/html/educavo/assets/images/courses/4.jpg]
[keenitsolutions.com/products/html/educavo/assets/images/courses/5.jpg]
[keenitsolutions.com/products/html/educavo/assets/images/courses/6.jpg]
[keenitsolutions.com/products/html/educavo/assets/images/cta/home1.jpg]
[keenitsolutions.com/products/html/educavo/assets/images/team/1.jpg]
[keenitsolutions.com/products/html/educavo/assets/images/team/2.jpg]
[keenitsolutions.com/products/html/educavo/assets/images/team/3.jpg]
[keenitsolutions.com/products/html/educavo/assets/images/testimonial/style5/quote2.png]
[keenitsolutions.com/products/html/educavo/assets/images/testimonial/style5/1.png]
[keenitsolutions.com/products/html/educavo/assets/images/testimonial/style5/2.png]
[keenitsolutions.com/products/html/educavo/assets/images/testimonial/style5/3.png]
[keenitsolutions.com/products/html/educavo/assets/images/blog/1.jpg]
[keenitsolutions.com/products/html/educavo/assets/images/blog/2.jpg]
[keenitsolutions.com/products/html/educavo/assets/images/blog/3.jpg]
[keenitsolutions.com/products/html/educavo/assets/images/logo.png]
[keenitsolutions.com/products/html/educavo/assets/js/modernizr-2.8.3.min.js]
[keenitsolutions.com/products/html/educavo/assets/js/jquery.min.js]
[keenitsolutions.com/products/html/educavo/assets/js/bootstrap.min.js]
[keenitsolutions.com/products/html/educavo/assets/js/rsmenu-main.js]
[keenitsolutions.com/products/html/educavo/assets/js/jquery.nav.js]
[keenitsolutions.com/products/html/educavo/assets/js/owl.carousel.min.js]
[keenitsolutions.com/products/html/educavo/assets/js/slick.min.js]
[keenitsolutions.com/products/html/educavo/assets/js/isotope.pkgd.min.js]
[keenitsolutions.com/products/html/educavo/assets/js/imagesloaded.pkgd.min.js]
[keenitsolutions.com/products/html/educavo/assets/js/wow.min.js]
[keenitsolutions.com/products/html/educavo/assets/js/skill.bars.jquery.js]
[keenitsolutions.com/products/html/educavo/assets/js/jquery.counterup.min.js]
[keenitsolutions.com/products/html/educavo/assets/js/waypoints.min.js]
[keenitsolutions.com/products/html/educavo/assets/js/jquery.mb.YTPlayer.min.js]
[keenitsolutions.com/products/html/educavo/assets/js/jquery.magnific-popup.min.js]
[keenitsolutions.com/products/html/educavo/assets/js/plugins.js]
[keenitsolutions.com/products/html/educavo/assets/js/contact.form.js]
[keenitsolutions.com/products/html/educavo/assets/js/main.js]
[keenitsolutions.com/products/html/educavo/index.html]
[keenitsolutions.com/products/html/educavo/apple-touch-icon.html]
[keenitsolutions.com/products/html/educavo/assets/css/bootstrap.min.css]
[keenitsolutions.com/products/html/educavo/assets/fonts/fontawesome-webfont3e6e.eot]
[keenitsolutions.com/products/html/educavo/assets/fonts/fontawesome-webfontd41d.eot]
[keenitsolutions.com/products/html/educavo/assets/fonts/fontawesome-webfont3e6e.woff]
[keenitsolutions.com/products/html/educavo/assets/fonts/fontawesome-webfont3e6e.ttf]
[keenitsolutions.com/products/html/educavo/assets/css/font-awesome.min.css]
[keenitsolutions.com/products/html/educavo/assets/css/animate.css]
[keenitsolutions.com/products/html/educavo/assets/css/owl.video.play.png]
[keenitsolutions.com/products/html/educavo/assets/css/owl.carousel.css]
[keenitsolutions.com/products/html/educavo/assets/css/slick.css]
[keenitsolutions.com/products/html/educavo/assets/css/off-canvas.css]
[keenitsolutions.com/products/html/educavo/assets/fonts/linea-basic-10.eot]
[keenitsolutions.com/products/html/educavo/assets/fonts/linea-basic-10d41d.eot]
[keenitsolutions.com/products/html/educavo/assets/fonts/linea-basic-10.woff]
[keenitsolutions.com/products/html/educavo/assets/fonts/linea-basic-10.ttf]
[keenitsolutions.com/products/html/educavo/assets/fonts/linea-fonts.css]
[keenitsolutions.com/products/html/educavo/assets/fonts/Flaticon.eot]
[keenitsolutions.com/products/html/educavo/assets/fonts/Flaticond41d.eot]
[keenitsolutions.com/products/html/educavo/assets/fonts/Flaticon.woff]
[keenitsolutions.com/products/html/educavo/assets/fonts/Flaticon.ttf]
[keenitsolutions.com/products/html/educavo/assets/fonts/flaticon.css]
[keenitsolutions.com/products/html/educavo/assets/css/magnific-popup.css]
[keenitsolutions.com/products/html/educavo/assets/css/rsmenu-main.css]
[keenitsolutions.com/products/html/educavo/assets/css/rs-spacing.css]
[keenitsolutions.com/products/html/educavo/assets/images/bg/bg1.png]
[keenitsolutions.com/products/html/educavo/assets/images/bg/bg2.jpg]
[keenitsolutions.com/products/html/educavo/assets/images/bg/bg3.png]
[keenitsolutions.com/products/html/educavo/assets/images/bg/home6/bg.png]
[keenitsolutions.com/products/html/educavo/assets/images/bg/home7/bg.png]
[keenitsolutions.com/products/html/educavo/assets/images/bg/course-shape-bg.jpg]
[keenitsolutions.com/products/html/educavo/assets/images/banner/home1.jpg]
[keenitsolutions.com/products/html/educavo/assets/images/banner/home3.jpg]
[keenitsolutions.com/products/html/educavo/assets/images/banner/home4.jpg]
[keenitsolutions.com/products/html/educavo/assets/images/banner/home6/bg.png]
[keenitsolutions.com/products/html/educavo/assets/images/banner/home7/bg.png]
[keenitsolutions.com/products/html/educavo/assets/images/slider/h2-1.jpg]
[keenitsolutions.com/products/html/educavo/assets/images/slider/h2-2.jpg]
[keenitsolutions.com/products/html/educavo/assets/images/breadcrumbs/1.jpg]
[keenitsolutions.com/products/html/educavo/assets/images/bg/about-intro-bg.jpg]
[keenitsolutions.com/products/html/educavo/assets/images/bg/about-bg.jpg]
[keenitsolutions.com/products/html/educavo/assets/images/video/bg.png]
[keenitsolutions.com/products/html/educavo/assets/images/bg/course-contact-bg.jpg]
[keenitsolutions.com/products/html/educavo/assets/images/testimonial/cloud-pattern.png]
[keenitsolutions.com/products/html/educavo/assets/images/bg/testi-bg.jpg]
[keenitsolutions.com/products/html/educavo/assets/images/bg/pattern1.png]
[keenitsolutions.com/products/html/educavo/assets/images/cta/style2/left-bg.jpg]
[keenitsolutions.com/products/html/educavo/assets/images/cta/style2/right-bg.jpg]
[keenitsolutions.com/products/html/educavo/assets/images/cta/style2/left-bg2.png]
[keenitsolutions.com/products/html/educavo/assets/images/cta/style2/right-bg2.png]
[keenitsolutions.com/products/html/educavo/assets/images/cta/home7/1.png]
[keenitsolutions.com/products/html/educavo/assets/images/cta/home7/2.png]
[keenitsolutions.com/products/html/educavo/assets/images/bg/newsletter-bg.jpg]
[keenitsolutions.com/products/html/educavo/assets/images/bg/newsletter-bg2.jpg]
[keenitsolutions.com/products/html/educavo/assets/images/faq/1.jpg]
[keenitsolutions.com/products/html/educavo/assets/images/contact/contact-bg1.png]
[keenitsolutions.com/products/html/educavo/assets/images/bg/footer-bg.png]
[keenitsolutions.com/products/html/educavo/style.css]
[keenitsolutions.com/products/html/educavo/assets/css/responsive.css]
[keenitsolutions.com/products/html/educavo/login.html]
[keenitsolutions.com/products/html/educavo/register.html]
[keenitsolutions.com/products/html/educavo/assets/images/services/1.jpg]
[keenitsolutions.com/products/html/educavo/assets/images/services/icons/1.png]
[keenitsolutions.com/products/html/educavo/assets/images/services/icons/2.png]
[keenitsolutions.com/products/html/educavo/assets/images/services/icons/3.png]
[keenitsolutions.com/products/html/educavo/assets/images/about/style2/grid1.jpg]
[keenitsolutions.com/products/html/educavo/assets/images/about/style2/grid2.jpg]
[keenitsolutions.com/products/html/educavo/assets/images/degrees/1.jpg]
[keenitsolutions.com/products/html/educavo/assets/images/degrees/2.jpg]
[keenitsolutions.com/products/html/educavo/assets/images/degrees/3.jpg]
[keenitsolutions.com/products/html/educavo/assets/images/degrees/4.jpg]
[keenitsolutions.com/products/html/educavo/assets/images/degrees/5.jpg]
[keenitsolutions.com/products/html/educavo/assets/images/event/single.jpg]
[keenitsolutions.com/products/html/educavo/assets/images/partner/1.png]
[keenitsolutions.com/products/html/educavo/assets/images/partner/2.png]
[keenitsolutions.com/products/html/educavo/assets/images/partner/3.png]
[keenitsolutions.com/products/html/educavo/assets/images/partner/4.png]
[keenitsolutions.com/products/html/educavo/assets/images/partner/5.png]
[keenitsolutions.com/products/html/educavo/assets/images/partner/6.png]
[keenitsolutions.com/products/html/educavo/assets/images/donor/1.jpg]
[keenitsolutions.com/products/html/educavo/assets/images/testimonial/style2/1.jpg]
[keenitsolutions.com/products/html/educavo/assets/images/testimonial/style2/2.jpg]
[keenitsolutions.com/products/html/educavo/assets/images/blog/style2/1.jpg]
[keenitsolutions.com/products/html/educavo/assets/images/blog/style2/2.jpg]
[keenitsolutions.com/products/html/educavo/assets/images/blog/style2/3.jpg]
[keenitsolutions.com/products/html/educavo/index2.html]
[keenitsolutions.com/products/html/educavo/assets/images/banner/bnr3-top.png]
[keenitsolutions.com/products/html/educavo/assets/images/about/style3/icons/1.png]
[keenitsolutions.com/products/html/educavo/assets/images/about/style3/icons/2.png]
[keenitsolutions.com/products/html/educavo/assets/images/about/style3/icons/3.png]
[keenitsolutions.com/products/html/educavo/assets/images/subject/icons/1.png]
[keenitsolutions.com/products/html/educavo/assets/images/subject/icons/2.png]
[keenitsolutions.com/products/html/educavo/assets/images/subject/icons/3.png]
[keenitsolutions.com/products/html/educavo/assets/images/subject/icons/4.png]
[keenitsolutions.com/products/html/educavo/assets/images/subject/icons/5.png]
[keenitsolutions.com/products/html/educavo/assets/images/subject/icons/6.png]
[keenitsolutions.com/products/html/educavo/assets/images/courses/style2/1.png]
[keenitsolutions.com/products/html/educavo/assets/images/courses/style2/2.png]
[keenitsolutions.com/products/html/educavo/assets/images/courses/style2/3.png]
[keenitsolutions.com/products/html/educavo/assets/images/courses/style2/4.png]
[keenitsolutions.com/products/html/educavo/assets/images/courses/style2/5.png]
[keenitsolutions.com/products/html/educavo/assets/images/courses/style2/6.png]
[keenitsolutions.com/products/html/educavo/assets/images/testimonial/style3/1.png]
[keenitsolutions.com/products/html/educavo/assets/images/testimonial/style3/2.png]
[keenitsolutions.com/products/html/educavo/assets/images/testimonial/style3/3.png]
[keenitsolutions.com/products/html/educavo/assets/images/testimonial/style3/4.png]
[keenitsolutions.com/products/html/educavo/assets/images/testimonial/style3/5.png]
[keenitsolutions.com/products/html/educavo/assets/images/testimonial/style3/6.png]
[keenitsolutions.com/products/html/educavo/assets/images/testimonial/style3/7.png]
[keenitsolutions.com/products/html/educavo/assets/images/testimonial/style3/8.png]
[keenitsolutions.com/products/html/educavo/assets/images/testimonial/style3/9.png]
[keenitsolutions.com/products/html/educavo/assets/images/testimonial/style3/10.png]
[keenitsolutions.com/products/html/educavo/assets/images/blog/style3/1.jpg]
[keenitsolutions.com/products/html/educavo/assets/images/blog/style3/2.jpg]
[keenitsolutions.com/products/html/educavo/assets/js/parallax-effect.min.js]
[keenitsolutions.com/products/html/educavo/index3.html]
[keenitsolutions.com/products/html/educavo/assets/images/logo3.png]
[keenitsolutions.com/products/html/educavo/assets/images/logo-dark2.png]
[keenitsolutions.com/products/html/educavo/assets/images/banner/banner-line.png]
[keenitsolutions.com/products/html/educavo/assets/images/banner/banner-circle.png]
[keenitsolutions.com/products/html/educavo/assets/images/banner/banner-dots.png]
[keenitsolutions.com/products/html/educavo/assets/images/about/about3.png]
[keenitsolutions.com/products/html/educavo/assets/images/about/image-center-circle.png]
[keenitsolutions.com/products/html/educavo/assets/images/courses/7.jpg]
[keenitsolutions.com/products/html/educavo/assets/images/courses/8.jpg]
[keenitsolutions.com/products/html/educavo/assets/images/courses/9.jpg]
[keenitsolutions.com/products/html/educavo/assets/images/courses/10.jpg]
[keenitsolutions.com/products/html/educavo/assets/images/about/icon-shape.png]
[keenitsolutions.com/products/html/educavo/assets/images/about/about-video-bg2.png]
[keenitsolutions.com/products/html/educavo/assets/images/about/dot-shape.png]
[keenitsolutions.com/products/html/educavo/team-singal.html]
[keenitsolutions.com/products/html/educavo/assets/images/cta/cta-bg.jpg]
[keenitsolutions.com/products/html/educavo/assets/images/shape/circle-shape.png]
[keenitsolutions.com/products/html/educavo/assets/images/testimonial/style4/1.png]
[keenitsolutions.com/products/html/educavo/assets/images/testimonial/style4/2.png]
[keenitsolutions.com/products/html/educavo/assets/images/testimonial/style4/3.png]
[keenitsolutions.com/products/html/educavo/assets/images/testimonial/style4/4.png]
[keenitsolutions.com/products/html/educavo/assets/images/shape/radius-circle-shape.png]
[keenitsolutions.com/products/html/educavo/assets/images/blog/style2/4.jpg]
[keenitsolutions.com/products/html/educavo/assets/images/blog/style2/5.jpg]
[keenitsolutions.com/products/html/educavo/assets/images/blog/style2/6.jpg]
[keenitsolutions.com/products/html/educavo/assets/js/tilt.jquery.min.js]
[keenitsolutions.com/products/html/educavo/index4.html]
[keenitsolutions.com/products/html/educavo/assets/images/banner/left-shape.png]
[keenitsolutions.com/products/html/educavo/assets/images/banner/5.png]
[keenitsolutions.com/products/html/educavo/assets/images/banner/right-shape.png]
[keenitsolutions.com/products/html/educavo/assets/images/banner/bottom-shape.png]
[keenitsolutions.com/products/html/educavo/assets/images/about/home5/about-main.png]
[keenitsolutions.com/products/html/educavo/assets/images/about/home5/about-circle-bg.png]
[keenitsolutions.com/products/html/educavo/assets/images/about/home5/small-circle-shape.png]
[keenitsolutions.com/products/html/educavo/assets/images/about/home5/about-deep-bg.png]
[keenitsolutions.com/products/html/educavo/assets/images/about/icon/1.png]
[keenitsolutions.com/products/html/educavo/assets/images/about/icon/2.png]
[keenitsolutions.com/products/html/educavo/assets/images/cta/cta-bg2.jpg]
[keenitsolutions.com/products/html/educavo/assets/images/courses/style4/1.jpg]
[keenitsolutions.com/products/html/educavo/assets/images/courses/style4/2.jpg]
[keenitsolutions.com/products/html/educavo/assets/images/courses/style4/3.jpg]
[keenitsolutions.com/products/html/educavo/assets/images/courses/style4/4.jpg]
[keenitsolutions.com/products/html/educavo/assets/images/courses/style4/5.jpg]
[keenitsolutions.com/products/html/educavo/assets/images/courses/style4/6.jpg]
[keenitsolutions.com/products/html/educavo/assets/images/about/one.png]
[keenitsolutions.com/products/html/educavo/assets/images/about/two.png]
[keenitsolutions.com/products/html/educavo/assets/images/about/three.png]
[keenitsolutions.com/products/html/educavo/assets/images/about/about51.png]
[keenitsolutions.com/products/html/educavo/assets/images/about/book1.png]
[keenitsolutions.com/products/html/educavo/assets/images/testimonial/style5/quote.png]
[keenitsolutions.com/products/html/educavo/assets/images/testimonial/style5/4.png]
[keenitsolutions.com/products/html/educavo/assets/images/blog/4.jpg]
[keenitsolutions.com/products/html/educavo/assets/images/blog/5.jpg]
[keenitsolutions.com/products/html/educavo/assets/images/blog/6.jpg]
[keenitsolutions.com/products/html/educavo/assets/images/about/icon/3.png]
[keenitsolutions.com/products/html/educavo/index5.html]
[keenitsolutions.com/products/html/educavo/assets/images/about/about-video-bg.png]
[keenitsolutions.com/products/html/educavo/assets/images/team/icon/1.png]
[keenitsolutions.com/products/html/educavo/assets/images/team/icon/2.png]
[keenitsolutions.com/products/html/educavo/assets/images/team/icon/3.png]
[keenitsolutions.com/products/html/educavo/assets/images/team/icon/4.png]
[keenitsolutions.com/products/html/educavo/assets/images/team/icon/5.png]
[keenitsolutions.com/products/html/educavo/assets/images/team/icon/6.png]
[keenitsolutions.com/products/html/educavo/about.html]
[keenitsolutions.com/products/html/educavo/assets/images/breadcrumbs/2.jpg]
[keenitsolutions.com/products/html/educavo/assets/images/about/about2.png]
[keenitsolutions.com/products/html/educavo/assets/images/counter/bg1.png]
[keenitsolutions.com/products/html/educavo/assets/images/counter/bg2.png]
[keenitsolutions.com/products/html/educavo/assets/images/counter/bg3.png]
[keenitsolutions.com/products/html/educavo/assets/images/about/history.png]
[keenitsolutions.com/products/html/educavo/about2.html]
[keenitsolutions.com/products/html/educavo/course.html]
[keenitsolutions.com/products/html/educavo/course2.html]
[keenitsolutions.com/products/html/educavo/course-single.html]
[keenitsolutions.com/products/html/educavo/team.html]
[keenitsolutions.com/products/html/educavo/team2.html]
[keenitsolutions.com/products/html/educavo/team-single.html]
[keenitsolutions.com/products/html/educavo/assets/images/event/1.jpg]
[keenitsolutions.com/products/html/educavo/assets/images/event/2.jpg]
[keenitsolutions.com/products/html/educavo/assets/images/event/3.jpg]
[keenitsolutions.com/products/html/educavo/assets/images/event/4.jpg]
[keenitsolutions.com/products/html/educavo/assets/images/event/5.jpg]
[keenitsolutions.com/products/html/educavo/assets/images/event/6.jpg]
[keenitsolutions.com/products/html/educavo/assets/images/event/7.jpg]
[keenitsolutions.com/products/html/educavo/assets/images/event/8.jpg]
[keenitsolutions.com/products/html/educavo/assets/images/event/9.jpg]
[keenitsolutions.com/products/html/educavo/events-style1.html]
[keenitsolutions.com/products/html/educavo/events-style2.html]
[keenitsolutions.com/products/html/educavo/assets/images/event/style3/1.jpg]
[keenitsolutions.com/products/html/educavo/assets/images/event/style3/2.jpg]
[keenitsolutions.com/products/html/educavo/assets/images/event/style3/3.jpg]
[keenitsolutions.com/products/html/educavo/assets/images/event/style3/4.jpg]
[keenitsolutions.com/products/html/educavo/assets/images/event/style3/5.jpg]
[keenitsolutions.com/products/html/educavo/assets/images/event/style3/6.jpg]
[keenitsolutions.com/products/html/educavo/events-style3.html]
[keenitsolutions.com/products/html/educavo/assets/images/breadcrumbs/4.jpg]
[keenitsolutions.com/products/html/educavo/assets/images/gallery/1.jpg]
[keenitsolutions.com/products/html/educavo/assets/images/gallery/2.jpg]
[keenitsolutions.com/products/html/educavo/assets/images/gallery/3.jpg]
[keenitsolutions.com/products/html/educavo/assets/images/gallery/4.jpg]
[keenitsolutions.com/products/html/educavo/assets/images/gallery/5.jpg]
[keenitsolutions.com/products/html/educavo/assets/images/gallery/6.jpg]
[keenitsolutions.com/products/html/educavo/assets/images/gallery/7.jpg]
[keenitsolutions.com/products/html/educavo/assets/images/gallery/8.jpg]
[keenitsolutions.com/products/html/educavo/assets/images/gallery/9.jpg]
[keenitsolutions.com/products/html/educavo/assets/images/gallery/10.jpg]
[keenitsolutions.com/products/html/educavo/assets/images/gallery/11.jpg]
[keenitsolutions.com/products/html/educavo/assets/images/gallery/12.jpg]
[keenitsolutions.com/products/html/educavo/gallery-style1.html]
[keenitsolutions.com/products/html/educavo/gallery-style2.html]
[keenitsolutions.com/products/html/educavo/gallery-style3.html]
[keenitsolutions.com/products/html/educavo/assets/images/shop/4.jpg]
[keenitsolutions.com/products/html/educavo/assets/images/shop/5.jpg]
[keenitsolutions.com/products/html/educavo/assets/images/shop/7.jpg]
[keenitsolutions.com/products/html/educavo/assets/images/shop/9.jpg]
[keenitsolutions.com/products/html/educavo/assets/images/shop/11.jpg]
[keenitsolutions.com/products/html/educavo/assets/images/shop/10.jpg]
[keenitsolutions.com/products/html/educavo/shop.html]
[keenitsolutions.com/products/html/educavo/shop-single.html]
[keenitsolutions.com/products/html/educavo/cart.html]
[keenitsolutions.com/products/html/educavo/assets/images/paypal.png]
[keenitsolutions.com/products/html/educavo/checkout.html]
[keenitsolutions.com/products/html/educavo/faq.html]
[keenitsolutions.com/products/html/educavo/error.html]
[keenitsolutions.com/products/html/educavo/login-2.html]
[keenitsolutions.com/products/html/educavo/register-2.html]
[keenitsolutions.com/products/html/educavo/assets/images/blog/inner/1.jpg]
[keenitsolutions.com/products/html/educavo/assets/images/blog/inner/2.jpg]
[keenitsolutions.com/products/html/educavo/assets/images/blog/inner/3.jpg]
[keenitsolutions.com/products/html/educavo/assets/images/blog/inner/4.jpg]
[keenitsolutions.com/products/html/educavo/assets/images/blog/inner/5.jpg]
[keenitsolutions.com/products/html/educavo/assets/images/blog/inner/6.jpg]
[keenitsolutions.com/products/html/educavo/assets/images/blog/inner/7.jpg]
[keenitsolutions.com/products/html/educavo/assets/images/blog/inner/8.jpg]
[keenitsolutions.com/products/html/educavo/blog.html]
[keenitsolutions.com/products/html/educavo/blog-left.html]
[keenitsolutions.com/products/html/educavo/blog-right.html]
[keenitsolutions.com/products/html/educavo/blog-post-left.html]
[keenitsolutions.com/products/html/educavo/blog-post-right.html]
[keenitsolutions.com/products/html/educavo/blog-single.html]
[keenitsolutions.com/products/html/educavo/tel+0885898745]
[keenitsolutions.com/products/html/educavo/assets/images/contact/1.png]
[keenitsolutions.com/products/html/educavo/contact.html]
[keenitsolutions.com/products/html/educavo/assets/images/contact/2.png]
[keenitsolutions.com/products/html/educavo/contact2.html]
[keenitsolutions.com/products/html/educavo/assets/fonts/fontawesome-webfont3e6e.html]
[keenitsolutions.com/products/html/educavo/assets/fonts/fontawesome-webfont3e6e.svg]
[keenitsolutions.com/products/html/educavo/assets/css/owl.video.play.html]
[keenitsolutions.com/products/html/educavo/assets/fonts/linea-basic-10.svg]
[keenitsolutions.com/products/html/educavo/assets/fonts/Flaticon.html]
[keenitsolutions.com/products/html/educavo/assets/fonts/Flaticon.svg]
[keenitsolutions.com/products/html/educavo/team-singal.html]
[keenitsolutions.com/products/html/educavo/tel+0885898745.html]
